timestamp_us,philosopher_id,old_state,new_state
1779476823596050,0,THINKING,THINKING
1779476823596191,1,THINKING,THINKING
1779476823596197,4,THINKING,THINKING
1779476823596218,2,THINKING,THINKING
1779476823596224,3,THINKING,THINKING
1779476823789419,4,THINKING,HUNGRY
1779476823789425,4,HUNGRY,EATING
1779476823827593,1,THINKING,HUNGRY
1779476823827598,1,HUNGRY,EATING
1779476823844428,3,THINKING,HUNGRY
1779476823933629,2,THINKING,HUNGRY
1779476823986005,0,THINKING,HUNGRY
1779476824028537,4,EATING,THINKING
1779476824028582,3,HUNGRY,EATING
1779476824113292,0,HUNGRY,EATING
1779476824113301,1,EATING,THINKING
1779476824215878,1,THINKING,HUNGRY
1779476824289296,4,THINKING,HUNGRY
1779476824345680,3,EATING,THINKING
1779476824345690,2,HUNGRY,EATING
1779476824355219,0,EATING,THINKING
1779476824355235,4,HUNGRY,EATING
1779476824536863,3,THINKING,HUNGRY
1779476824575750,0,THINKING,HUNGRY
1779476824653248,4,EATING,THINKING
1779476824714809,2,EATING,THINKING
1779476824714842,3,HUNGRY,EATING
1779476824714880,1,HUNGRY,EATING
1779476825004584,0,HUNGRY,EATING
1779476825004607,1,EATING,THINKING
1779476825067795,4,THINKING,HUNGRY
1779476825099076,3,EATING,THINKING
1779476825196172,2,THINKING,HUNGRY
1779476825196177,2,HUNGRY,EATING
1779476825260417,0,EATING,THINKING
1779476825260425,4,HUNGRY,EATING
1779476825310304,1,THINKING,HUNGRY
1779476825499081,2,EATING,THINKING
1779476825499160,1,HUNGRY,EATING
1779476825517660,0,THINKING,HUNGRY
1779476825526454,4,EATING,THINKING
1779476825594959,3,THINKING,HUNGRY
1779476825594962,3,HUNGRY,EATING
1779476825692388,4,THINKING,HUNGRY
1779476825821054,2,THINKING,HUNGRY
1779476825822221,0,HUNGRY,EATING
1779476825822228,1,EATING,THINKING
1779476825970226,3,EATING,THINKING
1779476825970318,2,HUNGRY,EATING
1779476826125577,0,EATING,THINKING
1779476826125590,4,HUNGRY,EATING
1779476826204734,2,EATING,THINKING
1779476826236372,1,THINKING,HUNGRY
1779476826236376,1,HUNGRY,EATING
1779476826349716,0,THINKING,HUNGRY
1779476826450229,3,THINKING,HUNGRY
1779476826459207,4,EATING,THINKING
1779476826459220,3,HUNGRY,EATING
1779476826598466,0,HUNGRY,EATING
1779476826598474,1,EATING,THINKING
1779476826604940,2,THINKING,HUNGRY
1779476826778337,4,THINKING,HUNGRY
1779476826834433,3,EATING,THINKING
1779476826834499,2,HUNGRY,EATING
1779476826876817,0,EATING,THINKING
1779476826876829,4,HUNGRY,EATING
1779476827075153,1,THINKING,HUNGRY
1779476827090874,4,EATING,THINKING
1779476827112809,3,THINKING,HUNGRY
1779476827119149,2,EATING,THINKING
1779476827119159,3,HUNGRY,EATING
1779476827121046,1,HUNGRY,EATING
1779476827122081,0,THINKING,HUNGRY
1779476827289850,4,THINKING,HUNGRY
1779476827394753,2,THINKING,HUNGRY
1779476827514047,3,EATING,THINKING
1779476827519533,1,EATING,THINKING
1779476827519562,0,HUNGRY,EATING
1779476827519600,2,HUNGRY,EATING
1779476827723632,0,EATING,THINKING
1779476827723642,4,HUNGRY,EATING
1779476827878882,3,THINKING,HUNGRY
1779476827896398,2,EATING,THINKING
1779476827987016,1,THINKING,HUNGRY
1779476827987022,1,HUNGRY,EATING
1779476828038505,2,THINKING,HUNGRY
1779476828084141,4,EATING,THINKING
1779476828084181,3,HUNGRY,EATING
1779476828093106,0,THINKING,HUNGRY
1779476828194270,1,EATING,THINKING
1779476828194280,0,HUNGRY,EATING
1779476828383780,4,THINKING,HUNGRY
1779476828391526,3,EATING,THINKING
1779476828391535,2,HUNGRY,EATING
1779476828497746,0,EATING,THINKING
1779476828497760,4,HUNGRY,EATING
1779476828512884,3,THINKING,HUNGRY
1779476828592940,1,THINKING,HUNGRY
1779476828669955,2,EATING,THINKING
1779476828670086,1,HUNGRY,EATING
1779476828734666,0,THINKING,HUNGRY
1779476828758457,4,EATING,THINKING
1779476828758504,3,HUNGRY,EATING
1779476829020146,3,EATING,THINKING
1779476829021751,0,HUNGRY,EATING
1779476829021758,1,EATING,THINKING
1779476829080558,4,THINKING,HUNGRY
1779476829097358,2,THINKING,HUNGRY
1779476829097365,2,HUNGRY,EATING
1779476829238489,0,EATING,THINKING
1779476829238504,4,HUNGRY,EATING
1779476829317121,2,EATING,THINKING
1779476829446410,3,THINKING,HUNGRY
1779476829476217,1,THINKING,HUNGRY
1779476829476222,1,HUNGRY,EATING
1779476829537602,4,EATING,THINKING
1779476829537705,3,HUNGRY,EATING
1779476829639739,0,THINKING,HUNGRY
1779476829650834,2,THINKING,HUNGRY
1779476829791843,1,EATING,THINKING
1779476829791853,0,HUNGRY,EATING
1779476829882541,3,EATING,THINKING
1779476829882553,2,HUNGRY,EATING
1779476830009959,3,THINKING,HUNGRY
1779476830028310,4,THINKING,HUNGRY
1779476830163572,0,EATING,THINKING
1779476830163635,4,HUNGRY,EATING
1779476830200106,2,EATING,THINKING
1779476830206036,1,THINKING,HUNGRY
1779476830206040,1,HUNGRY,EATING
1779476830460024,4,EATING,THINKING
1779476830460155,3,HUNGRY,EATING
1779476830494123,2,THINKING,HUNGRY
1779476830511970,1,EATING,THINKING
1779476830610969,0,THINKING,HUNGRY
1779476830610972,0,HUNGRY,EATING
1779476830663028,4,THINKING,HUNGRY
1779476830824938,1,THINKING,HUNGRY
1779476830853529,3,EATING,THINKING
1779476830853540,2,HUNGRY,EATING
1779476831011603,0,EATING,THINKING
1779476831011619,4,HUNGRY,EATING
1779476831048966,3,THINKING,HUNGRY
1779476831203872,2,EATING,THINKING
1779476831203969,1,HUNGRY,EATING
1779476831359729,4,EATING,THINKING
1779476831359799,3,HUNGRY,EATING
1779476831440451,1,EATING,THINKING
1779476831505957,0,THINKING,HUNGRY
1779476831505962,0,HUNGRY,EATING
1779476831514694,2,THINKING,HUNGRY
1779476831559343,4,THINKING,HUNGRY
1779476831708391,3,EATING,THINKING
1779476831708402,2,HUNGRY,EATING
1779476831839258,1,THINKING,HUNGRY
1779476831847437,0,EATING,THINKING
1779476831847453,4,HUNGRY,EATING
1779476831960965,2,EATING,THINKING
1779476831961007,1,HUNGRY,EATING
1779476832089906,3,THINKING,HUNGRY
1779476832127715,2,THINKING,HUNGRY
1779476832145867,4,EATING,THINKING
1779476832145935,3,HUNGRY,EATING
1779476832259118,4,THINKING,HUNGRY
1779476832271810,1,EATING,THINKING
1779476832308497,0,THINKING,HUNGRY
1779476832519633,3,EATING,THINKING
1779476832519646,2,HUNGRY,EATING
1779476832519678,4,HUNGRY,EATING
1779476832742880,1,THINKING,HUNGRY
1779476832780920,2,EATING,THINKING
1779476832780988,1,HUNGRY,EATING
1779476832918240,4,EATING,THINKING
1779476832947178,3,THINKING,HUNGRY
1779476832947183,3,HUNGRY,EATING
1779476833028355,4,THINKING,HUNGRY
1779476833106066,0,HUNGRY,EATING
1779476833106094,1,EATING,THINKING
1779476833241674,2,THINKING,HUNGRY
1779476833301384,2,HUNGRY,EATING
1779476833336528,4,HUNGRY,EATING
1779476833435216,1,THINKING,HUNGRY
1779476833649130,1,HUNGRY,EATING
